// Jest Snapshot v1, https://goo.gl/fbAQLP

exports[`Test suite for the Footer component Should render a Snapshot of Footer component 1`] = `
Object {
  "asFragment": [Function],
  "baseElement": <body>
    <div>
      <div
        class=""
      >
        <footer
          class="bg-neutral-900"
        >
          <p
            class="text-base text-center text-white mb-2"
          >
            Â© 2023 Jose Montoya. All rights reserved.
          </p>
          <p
            class="text-sm text-center text-white"
          >
            Built withðŸ’™in Medellin, CO
          </p>
          <div
            class="flex justify-evenly"
          >
            <img
              alt="github"
              class="opacity-10"
              src="github.svg"
            />
          </div>
        </footer>
      </div>
    </div>
  </body>,
  "container": <div>
    <div
      class=""
    >
      <footer
        class="bg-neutral-900"
      >
        <p
          class="text-base text-center text-white mb-2"
        >
          Â© 2023 Jose Montoya. All rights reserved.
        </p>
        <p
          class="text-sm text-center text-white"
        >
          Built withðŸ’™in Medellin, CO
        </p>
        <div
          class="flex justify-evenly"
        >
          <img
            alt="github"
            class="opacity-10"
            src="github.svg"
          />
        </div>
      </footer>
    </div>
  </div>,
  "debug": [Function],
  "findAllByAltText": [Function],
  "findAllByDisplayValue": [Function],
  "findAllByLabelText": [Function],
  "findAllByPlaceholderText": [Function],
  "findAllByRole": [Function],
  "findAllByTestId": [Function],
  "findAllByText": [Function],
  "findAllByTitle": [Function],
  "findByAltText": [Function],
  "findByDisplayValue": [Function],
  "findByLabelText": [Function],
  "findByPlaceholderText": [Function],
  "findByRole": [Function],
  "findByTestId": [Function],
  "findByText": [Function],
  "findByTitle": [Function],
  "getAllByAltText": [Function],
  "getAllByDisplayValue": [Function],
  "getAllByLabelText": [Function],
  "getAllByPlaceholderText": [Function],
  "getAllByRole": [Function],
  "getAllByTestId": [Function],
  "getAllByText": [Function],
  "getAllByTitle": [Function],
  "getByAltText": [Function],
  "getByDisplayValue": [Function],
  "getByLabelText": [Function],
  "getByPlaceholderText": [Function],
  "getByRole": [Function],
  "getByTestId": [Function],
  "getByText": [Function],
  "getByTitle": [Function],
  "queryAllByAltText": [Function],
  "queryAllByDisplayValue": [Function],
  "queryAllByLabelText": [Function],
  "queryAllByPlaceholderText": [Function],
  "queryAllByRole": [Function],
  "queryAllByTestId": [Function],
  "queryAllByText": [Function],
  "queryAllByTitle": [Function],
  "queryByAltText": [Function],
  "queryByDisplayValue": [Function],
  "queryByLabelText": [Function],
  "queryByPlaceholderText": [Function],
  "queryByRole": [Function],
  "queryByTestId": [Function],
  "queryByText": [Function],
  "queryByTitle": [Function],
  "rerender": [Function],
  "unmount": [Function],
}
`;
