// Jest Snapshot v1, https://goo.gl/fbAQLP

exports[`Test suite for Navbar component Should render a Snapshot of Navbar component 1`] = `
Object {
  "asFragment": [Function],
  "baseElement": <body>
    <div>
      <div
        class="flex justify-center"
      >
        <nav
          class="z-30 bg-neutral-900 fixed flex w-full max-w-screen-2xl justify-between px-8 md:px-24 py-7 m-auto text-neutral-100"
        >
          <a
            class="text-xl md:text-2xl"
            href="/"
          >
            Quantum
            <span
              class="font-bold"
            >
              StocksðŸ’±
            </span>
          </a>
          <ul
            class="right-0 -translate-y-64 bg-neutral-900 md:text-xl
            ease-in-out duration-700 rounded-b-lg fixed right-0 top-20
            w-32 flex flex-col justify-between items-center md:static md:translate-y-0
            md:flex-row md:w-48 md:justify-between md:items-center md:right-base shadow-lg shadow-black md:shadow-transparent"
          >
            <li
              class="mb-4 md:mb-0"
            >
              <a
                class="hover:text-gray-400"
                href="/"
              >
                Home
              </a>
            </li>
            <li>
              <button
                class="mb-4 md:mb-0 flex cursor-pointer hover:text-gray-400"
                type="submit"
              >
                Markets
                <span
                  class="text-base material-symbols-outlined cursor-pointer motion-safe:animate-bounce-slow mt-1"
                >
                  expand_more
                </span>
              </button>
              <ul
                class="flex flex-col fixed shadow-5xl p-2 w-32 rounded-b-lg right-0 bg-neutral-800
            translate-x-full opacity-0 ease-in-out duration-700 md:mt-2
            backdrop-filter backdrop-blur-sm shadow-lg shadow-black"
              >
                <a
                  class="mb-3 border-b hover:text-gray-400"
                  href="/market"
                >
                  ETF
                </a>
                <a
                  class="mb-3 border-b hover:text-gray-400"
                  href="/market"
                >
                  NYSE
                </a>
                <a
                  class="mb-3 border-b hover:text-gray-400"
                  href="/market"
                >
                  EURONEXT
                </a>
                <a
                  class="mb-3 border-b hover:text-gray-400"
                  href="/market"
                >
                  AMEX
                </a>
                <a
                  class="mb-3 border-b hover:text-gray-400"
                  href="/market"
                >
                  TSX
                </a>
                <a
                  class="mb-1 hover:text-gray-400"
                  href="/market"
                >
                  NASDAQ
                </a>
              </ul>
            </li>
          </ul>
          <button
            class="z-10 md:hidden"
            type="button"
          >
            <span
              class="material-symbols-outlined"
            >
              menu
            </span>
          </button>
        </nav>
      </div>
    </div>
  </body>,
  "container": <div>
    <div
      class="flex justify-center"
    >
      <nav
        class="z-30 bg-neutral-900 fixed flex w-full max-w-screen-2xl justify-between px-8 md:px-24 py-7 m-auto text-neutral-100"
      >
        <a
          class="text-xl md:text-2xl"
          href="/"
        >
          Quantum
          <span
            class="font-bold"
          >
            StocksðŸ’±
          </span>
        </a>
        <ul
          class="right-0 -translate-y-64 bg-neutral-900 md:text-xl
            ease-in-out duration-700 rounded-b-lg fixed right-0 top-20
            w-32 flex flex-col justify-between items-center md:static md:translate-y-0
            md:flex-row md:w-48 md:justify-between md:items-center md:right-base shadow-lg shadow-black md:shadow-transparent"
        >
          <li
            class="mb-4 md:mb-0"
          >
            <a
              class="hover:text-gray-400"
              href="/"
            >
              Home
            </a>
          </li>
          <li>
            <button
              class="mb-4 md:mb-0 flex cursor-pointer hover:text-gray-400"
              type="submit"
            >
              Markets
              <span
                class="text-base material-symbols-outlined cursor-pointer motion-safe:animate-bounce-slow mt-1"
              >
                expand_more
              </span>
            </button>
            <ul
              class="flex flex-col fixed shadow-5xl p-2 w-32 rounded-b-lg right-0 bg-neutral-800
            translate-x-full opacity-0 ease-in-out duration-700 md:mt-2
            backdrop-filter backdrop-blur-sm shadow-lg shadow-black"
            >
              <a
                class="mb-3 border-b hover:text-gray-400"
                href="/market"
              >
                ETF
              </a>
              <a
                class="mb-3 border-b hover:text-gray-400"
                href="/market"
              >
                NYSE
              </a>
              <a
                class="mb-3 border-b hover:text-gray-400"
                href="/market"
              >
                EURONEXT
              </a>
              <a
                class="mb-3 border-b hover:text-gray-400"
                href="/market"
              >
                AMEX
              </a>
              <a
                class="mb-3 border-b hover:text-gray-400"
                href="/market"
              >
                TSX
              </a>
              <a
                class="mb-1 hover:text-gray-400"
                href="/market"
              >
                NASDAQ
              </a>
            </ul>
          </li>
        </ul>
        <button
          class="z-10 md:hidden"
          type="button"
        >
          <span
            class="material-symbols-outlined"
          >
            menu
          </span>
        </button>
      </nav>
    </div>
  </div>,
  "debug": [Function],
  "findAllByAltText": [Function],
  "findAllByDisplayValue": [Function],
  "findAllByLabelText": [Function],
  "findAllByPlaceholderText": [Function],
  "findAllByRole": [Function],
  "findAllByTestId": [Function],
  "findAllByText": [Function],
  "findAllByTitle": [Function],
  "findByAltText": [Function],
  "findByDisplayValue": [Function],
  "findByLabelText": [Function],
  "findByPlaceholderText": [Function],
  "findByRole": [Function],
  "findByTestId": [Function],
  "findByText": [Function],
  "findByTitle": [Function],
  "getAllByAltText": [Function],
  "getAllByDisplayValue": [Function],
  "getAllByLabelText": [Function],
  "getAllByPlaceholderText": [Function],
  "getAllByRole": [Function],
  "getAllByTestId": [Function],
  "getAllByText": [Function],
  "getAllByTitle": [Function],
  "getByAltText": [Function],
  "getByDisplayValue": [Function],
  "getByLabelText": [Function],
  "getByPlaceholderText": [Function],
  "getByRole": [Function],
  "getByTestId": [Function],
  "getByText": [Function],
  "getByTitle": [Function],
  "queryAllByAltText": [Function],
  "queryAllByDisplayValue": [Function],
  "queryAllByLabelText": [Function],
  "queryAllByPlaceholderText": [Function],
  "queryAllByRole": [Function],
  "queryAllByTestId": [Function],
  "queryAllByText": [Function],
  "queryAllByTitle": [Function],
  "queryByAltText": [Function],
  "queryByDisplayValue": [Function],
  "queryByLabelText": [Function],
  "queryByPlaceholderText": [Function],
  "queryByRole": [Function],
  "queryByTestId": [Function],
  "queryByText": [Function],
  "queryByTitle": [Function],
  "rerender": [Function],
  "unmount": [Function],
}
`;
